// Jest Snapshot v1, https://goo.gl/fbAQLP

exports[`ChangePassword renders without crashing 1`] = `
ShallowWrapper {
  "length": 1,
  Symbol(enzyme.__root__): [Circular],
  Symbol(enzyme.__unrendered__): <ChangePassword
    openSnackBar={[MockFunction]}
  />,
  Symbol(enzyme.__renderer__): Object {
    "batchedUpdates": [Function],
    "getNode": [Function],
    "render": [Function],
    "simulateEvent": [Function],
    "unmount": [Function],
  },
  Symbol(enzyme.__node__): Object {
    "instance": null,
    "key": undefined,
    "nodeType": "host",
    "props": Object {
      "children": <form
        autoComplete="off"
        noValidate={true}
        style={
          Object {
            "display": "flex",
            "flexWrap": "wrap",
            "justifyContent": "space-evenly",
          }
        }
      >
        <TextField
          autoComplete="current-password"
          id="password"
          label="Nytt lösenord"
          margin="normal"
          onChange={[Function]}
          required={false}
          select={false}
          style={
            Object {
              "margin": 10,
            }
          }
          type="password"
        />
        <TextField
          autoComplete="current-password"
          id="passwordRepeat"
          label="Bekräfta lösenord"
          margin="normal"
          onChange={[Function]}
          required={false}
          select={false}
          style={
            Object {
              "margin": 10,
            }
          }
          type="password"
        />
        <WithStyles(Button)
          onClick={[Function]}
          style={
            Object {
              "margin": 20,
            }
          }
          variant="raised"
        >
          Ok
        </WithStyles(Button)>
      </form>,
      "className": "UserDetails",
    },
    "ref": null,
    "rendered": Object {
      "instance": null,
      "key": undefined,
      "nodeType": "host",
      "props": Object {
        "autoComplete": "off",
        "children": Array [
          <TextField
            autoComplete="current-password"
            id="password"
            label="Nytt lösenord"
            margin="normal"
            onChange={[Function]}
            required={false}
            select={false}
            style={
              Object {
                "margin": 10,
              }
            }
            type="password"
          />,
          <TextField
            autoComplete="current-password"
            id="passwordRepeat"
            label="Bekräfta lösenord"
            margin="normal"
            onChange={[Function]}
            required={false}
            select={false}
            style={
              Object {
                "margin": 10,
              }
            }
            type="password"
          />,
          <WithStyles(Button)
            onClick={[Function]}
            style={
              Object {
                "margin": 20,
              }
            }
            variant="raised"
          >
            Ok
          </WithStyles(Button)>,
        ],
        "noValidate": true,
        "style": Object {
          "display": "flex",
          "flexWrap": "wrap",
          "justifyContent": "space-evenly",
        },
      },
      "ref": null,
      "rendered": Array [
        Object {
          "instance": null,
          "key": undefined,
          "nodeType": "function",
          "props": Object {
            "autoComplete": "current-password",
            "id": "password",
            "label": "Nytt lösenord",
            "margin": "normal",
            "onChange": [Function],
            "required": false,
            "select": false,
            "style": Object {
              "margin": 10,
            },
            "type": "password",
          },
          "ref": null,
          "rendered": null,
          "type": [Function],
        },
        Object {
          "instance": null,
          "key": undefined,
          "nodeType": "function",
          "props": Object {
            "autoComplete": "current-password",
            "id": "passwordRepeat",
            "label": "Bekräfta lösenord",
            "margin": "normal",
            "onChange": [Function],
            "required": false,
            "select": false,
            "style": Object {
              "margin": 10,
            },
            "type": "password",
          },
          "ref": null,
          "rendered": null,
          "type": [Function],
        },
        Object {
          "instance": null,
          "key": undefined,
          "nodeType": "class",
          "props": Object {
            "children": "Ok",
            "onClick": [Function],
            "style": Object {
              "margin": 20,
            },
            "variant": "raised",
          },
          "ref": null,
          "rendered": "Ok",
          "type": [Function],
        },
      ],
      "type": "form",
    },
    "type": "div",
  },
  Symbol(enzyme.__nodes__): Array [
    Object {
      "instance": null,
      "key": undefined,
      "nodeType": "host",
      "props": Object {
        "children": <form
          autoComplete="off"
          noValidate={true}
          style={
            Object {
              "display": "flex",
              "flexWrap": "wrap",
              "justifyContent": "space-evenly",
            }
          }
        >
          <TextField
            autoComplete="current-password"
            id="password"
            label="Nytt lösenord"
            margin="normal"
            onChange={[Function]}
            required={false}
            select={false}
            style={
              Object {
                "margin": 10,
              }
            }
            type="password"
          />
          <TextField
            autoComplete="current-password"
            id="passwordRepeat"
            label="Bekräfta lösenord"
            margin="normal"
            onChange={[Function]}
            required={false}
            select={false}
            style={
              Object {
                "margin": 10,
              }
            }
            type="password"
          />
          <WithStyles(Button)
            onClick={[Function]}
            style={
              Object {
                "margin": 20,
              }
            }
            variant="raised"
          >
            Ok
          </WithStyles(Button)>
        </form>,
        "className": "UserDetails",
      },
      "ref": null,
      "rendered": Object {
        "instance": null,
        "key": undefined,
        "nodeType": "host",
        "props": Object {
          "autoComplete": "off",
          "children": Array [
            <TextField
              autoComplete="current-password"
              id="password"
              label="Nytt lösenord"
              margin="normal"
              onChange={[Function]}
              required={false}
              select={false}
              style={
                Object {
                  "margin": 10,
                }
              }
              type="password"
            />,
            <TextField
              autoComplete="current-password"
              id="passwordRepeat"
              label="Bekräfta lösenord"
              margin="normal"
              onChange={[Function]}
              required={false}
              select={false}
              style={
                Object {
                  "margin": 10,
                }
              }
              type="password"
            />,
            <WithStyles(Button)
              onClick={[Function]}
              style={
                Object {
                  "margin": 20,
                }
              }
              variant="raised"
            >
              Ok
            </WithStyles(Button)>,
          ],
          "noValidate": true,
          "style": Object {
            "display": "flex",
            "flexWrap": "wrap",
            "justifyContent": "space-evenly",
          },
        },
        "ref": null,
        "rendered": Array [
          Object {
            "instance": null,
            "key": undefined,
            "nodeType": "function",
            "props": Object {
              "autoComplete": "current-password",
              "id": "password",
              "label": "Nytt lösenord",
              "margin": "normal",
              "onChange": [Function],
              "required": false,
              "select": false,
              "style": Object {
                "margin": 10,
              },
              "type": "password",
            },
            "ref": null,
            "rendered": null,
            "type": [Function],
          },
          Object {
            "instance": null,
            "key": undefined,
            "nodeType": "function",
            "props": Object {
              "autoComplete": "current-password",
              "id": "passwordRepeat",
              "label": "Bekräfta lösenord",
              "margin": "normal",
              "onChange": [Function],
              "required": false,
              "select": false,
              "style": Object {
                "margin": 10,
              },
              "type": "password",
            },
            "ref": null,
            "rendered": null,
            "type": [Function],
          },
          Object {
            "instance": null,
            "key": undefined,
            "nodeType": "class",
            "props": Object {
              "children": "Ok",
              "onClick": [Function],
              "style": Object {
                "margin": 20,
              },
              "variant": "raised",
            },
            "ref": null,
            "rendered": "Ok",
            "type": [Function],
          },
        ],
        "type": "form",
      },
      "type": "div",
    },
  ],
  Symbol(enzyme.__options__): Object {
    "adapter": ReactSixteenAdapter {
      "options": Object {
        "enableComponentDidUpdateOnSetState": true,
      },
    },
  },
}
`;
