// Jest Snapshot v1, https://goo.gl/fbAQLP

exports[`SettingsUser renders without crashing 1`] = `
<div
  className="SettingsUser"
>
  <p>
    User settings
  </p>
</div>
`;
