// Jest Snapshot v1, https://goo.gl/fbAQLP

exports[`Settings renders without crashing 1`] = `
<div
  className="Settings"
>
  <div>
    <div
      className="SettingsUser"
    >
      <h1
        className="MuiTypography-root-1 MuiTypography-headline-6 MuiTypography-alignLeft-13"
        style={
          Object {
            "marginLeft": 30,
          }
        }
      >
        Inställningar
      </h1>
      <div
        className="MuiPaper-root-28 MuiPaper-elevation1-31 MuiExpansionPanel-root-25"
      >
        <div
          aria-expanded={false}
          className="MuiButtonBase-root-63 MuiExpansionPanelSummary-root-55"
          onBlur={[Function]}
          onClick={[Function]}
          onFocus={[Function]}
          onKeyDown={[Function]}
          onKeyUp={[Function]}
          onMouseDown={[Function]}
          onMouseLeave={[Function]}
          onMouseUp={[Function]}
          onTouchEnd={[Function]}
          onTouchMove={[Function]}
          onTouchStart={[Function]}
          role="button"
          tabIndex="0"
        >
          <div
            className="MuiExpansionPanelSummary-content-59"
          >
            <p
              className="MuiTypography-root-1 MuiTypography-body1-10"
            >
              Användaruppgifter
            </p>
          </div>
          <div
            aria-hidden="true"
            className="MuiButtonBase-root-63 MuiIconButton-root-66 MuiExpansionPanelSummary-expandIcon-61"
            onBlur={[Function]}
            onFocus={[Function]}
            onKeyDown={[Function]}
            onKeyUp={[Function]}
            onMouseDown={[Function]}
            onMouseLeave={[Function]}
            onMouseUp={[Function]}
            onTouchEnd={[Function]}
            onTouchMove={[Function]}
            onTouchStart={[Function]}
            role="button"
            tabIndex={-1}
          >
            <span
              className="MuiIconButton-label-71"
            >
              <svg
                aria-hidden="true"
                className="MuiSvgIcon-root-72"
                color={undefined}
                focusable="false"
                viewBox="0 0 24 24"
              >
                <g>
                  <path
                    d="M16.59 8.59L12 13.17 7.41 8.59 6 10l6 6 6-6z"
                  />
                </g>
              </svg>
            </span>
            <span
              className="MuiTouchRipple-root-78"
            />
          </div>
        </div>
        <div
          aria-hidden="true"
          className="MuiCollapse-container-85"
          style={
            Object {
              "minHeight": "0px",
            }
          }
        >
          <div
            className="MuiCollapse-wrapper-87"
          >
            <div
              className="MuiCollapse-wrapperInner-88"
            >
              <div
                className="MuiExpansionPanelDetails-root-89"
              >
                <div
                  className="UserDetails"
                >
                  <h1
                    className="MuiTypography-root-1 MuiTypography-headline-6 MuiTypography-alignLeft-13"
                    style={
                      Object {
                        "fontSize": "90%",
                        "marginLeft": 30,
                      }
                    }
                  >
                    Användaruppgifter
                  </h1>
                </div>
              </div>
            </div>
          </div>
        </div>
      </div>
      <div
        className="MuiPaper-root-28 MuiPaper-elevation1-31 MuiExpansionPanel-root-25"
      >
        <div
          aria-expanded={false}
          className="MuiButtonBase-root-63 MuiExpansionPanelSummary-root-55"
          onBlur={[Function]}
          onClick={[Function]}
          onFocus={[Function]}
          onKeyDown={[Function]}
          onKeyUp={[Function]}
          onMouseDown={[Function]}
          onMouseLeave={[Function]}
          onMouseUp={[Function]}
          onTouchEnd={[Function]}
          onTouchMove={[Function]}
          onTouchStart={[Function]}
          role="button"
          tabIndex="0"
        >
          <div
            className="MuiExpansionPanelSummary-content-59"
          >
            <p
              className="MuiTypography-root-1 MuiTypography-body1-10"
            >
              Ändra lösenord
            </p>
          </div>
          <div
            aria-hidden="true"
            className="MuiButtonBase-root-63 MuiIconButton-root-66 MuiExpansionPanelSummary-expandIcon-61"
            onBlur={[Function]}
            onFocus={[Function]}
            onKeyDown={[Function]}
            onKeyUp={[Function]}
            onMouseDown={[Function]}
            onMouseLeave={[Function]}
            onMouseUp={[Function]}
            onTouchEnd={[Function]}
            onTouchMove={[Function]}
            onTouchStart={[Function]}
            role="button"
            tabIndex={-1}
          >
            <span
              className="MuiIconButton-label-71"
            >
              <svg
                aria-hidden="true"
                className="MuiSvgIcon-root-72"
                color={undefined}
                focusable="false"
                viewBox="0 0 24 24"
              >
                <g>
                  <path
                    d="M16.59 8.59L12 13.17 7.41 8.59 6 10l6 6 6-6z"
                  />
                </g>
              </svg>
            </span>
            <span
              className="MuiTouchRipple-root-78"
            />
          </div>
        </div>
        <div
          aria-hidden="true"
          className="MuiCollapse-container-85"
          style={
            Object {
              "minHeight": "0px",
            }
          }
        >
          <div
            className="MuiCollapse-wrapper-87"
          >
            <div
              className="MuiCollapse-wrapperInner-88"
            >
              <div
                className="MuiExpansionPanelDetails-root-89"
              >
                <p
                  className="MuiTypography-root-1 MuiTypography-body1-10"
                >
                  Ändra lösenord
                </p>
              </div>
            </div>
          </div>
        </div>
      </div>
      <div
        className="MuiPaper-root-28 MuiPaper-elevation1-31 MuiExpansionPanel-root-25"
      >
        <div
          aria-expanded={false}
          className="MuiButtonBase-root-63 MuiExpansionPanelSummary-root-55"
          onBlur={[Function]}
          onClick={[Function]}
          onFocus={[Function]}
          onKeyDown={[Function]}
          onKeyUp={[Function]}
          onMouseDown={[Function]}
          onMouseLeave={[Function]}
          onMouseUp={[Function]}
          onTouchEnd={[Function]}
          onTouchMove={[Function]}
          onTouchStart={[Function]}
          role="button"
          tabIndex="0"
        >
          <div
            className="MuiExpansionPanelSummary-content-59"
          >
            <p
              className="MuiTypography-root-1 MuiTypography-body1-10"
            >
              Notifikationsinställningar
            </p>
          </div>
          <div
            aria-hidden="true"
            className="MuiButtonBase-root-63 MuiIconButton-root-66 MuiExpansionPanelSummary-expandIcon-61"
            onBlur={[Function]}
            onFocus={[Function]}
            onKeyDown={[Function]}
            onKeyUp={[Function]}
            onMouseDown={[Function]}
            onMouseLeave={[Function]}
            onMouseUp={[Function]}
            onTouchEnd={[Function]}
            onTouchMove={[Function]}
            onTouchStart={[Function]}
            role="button"
            tabIndex={-1}
          >
            <span
              className="MuiIconButton-label-71"
            >
              <svg
                aria-hidden="true"
                className="MuiSvgIcon-root-72"
                color={undefined}
                focusable="false"
                viewBox="0 0 24 24"
              >
                <g>
                  <path
                    d="M16.59 8.59L12 13.17 7.41 8.59 6 10l6 6 6-6z"
                  />
                </g>
              </svg>
            </span>
            <span
              className="MuiTouchRipple-root-78"
            />
          </div>
        </div>
        <div
          aria-hidden="true"
          className="MuiCollapse-container-85"
          style={
            Object {
              "minHeight": "0px",
            }
          }
        >
          <div
            className="MuiCollapse-wrapper-87"
          >
            <div
              className="MuiCollapse-wrapperInner-88"
            >
              <div
                className="MuiExpansionPanelDetails-root-89"
              />
            </div>
          </div>
        </div>
      </div>
    </div>
  </div>
</div>
`;
