// Jest Snapshot v1, https://goo.gl/fbAQLP

exports[`SettingsSuperUser renders without crashing 1`] = `
<div
  className="SettingsSuperUser"
>
  <p>
    Superuser settings
  </p>
</div>
`;
