// Jest Snapshot v1, https://goo.gl/fbAQLP

exports[`NewPassword renders without crashing 1`] = `
<div
  className="NewPassword"
>
  <p>
    Glömt lösenord
  </p>
</div>
`;
