// Jest Snapshot v1, https://goo.gl/fbAQLP

exports[`ChatView renders without crashing 1`] = `
<div
  className="ChatView"
>
  <p>
    Chat
  </p>
</div>
`;
