// Jest Snapshot v1, https://goo.gl/fbAQLP

exports[`FriendRequests should render without crashing 1`] = `
ShallowWrapper {
  "length": 1,
  Symbol(enzyme.__root__): [Circular],
  Symbol(enzyme.__unrendered__): <FriendRequests
    openSnackBar={[MockFunction]}
    state={
      Object {
        "isSignedIn": true,
        "token": "eyJhbGciOiJIUzI1NiIsInR5cCI6IkpXVCJ9.eyJzdWIiOiJCYW5hbiIsImVtYWlsIjoiYmFuYW5AZXhhbXBsZS5jb20iLCJqdGkiOiI3MWE1YzA3Yy1mNWNhLTQ3MTYtYjk0Ny05ZDlhZWIwNjZmNzciLCJyb2xlcyI6InVzZXIiLCJleHAiOjE1MjQ2NTE5MzIsImlzcyI6Imh0dHA6Ly9sb2NhbGhvc3Q6NjM5MzkvIiwiYXVkIjoiaHR0cDovL2xvY2FsaG9zdDo2MzkzOS8ifQ.C_xboFny2nszame4GHJNnlOzlWJ2tVGmflfnmJAyXAE",
      }
    }
  />,
  Symbol(enzyme.__renderer__): Object {
    "batchedUpdates": [Function],
    "getNode": [Function],
    "render": [Function],
    "simulateEvent": [Function],
    "unmount": [Function],
  },
  Symbol(enzyme.__node__): Object {
    "instance": null,
    "key": undefined,
    "nodeType": "host",
    "props": Object {
      "children": Array [
        <WithStyles(Typography)
          align="left"
          color="default"
          style={
            Object {
              "margin": 20,
            }
          }
          variant="headline"
        >
          Vänförfrågningar
        </WithStyles(Typography)>,
        <div
          className="FriendRequests-Inner"
        >
          <WithStyles(Typography)>
            Inga nya vänförfrågningar
          </WithStyles(Typography)>
        </div>,
        <WithStyles(Divider) />,
        <div
          className="FriendRequests-Inner"
        >
          <TextField
            id="userName"
            label="Lägg till ny vän:"
            margin="normal"
            onChange={[Function]}
            required={false}
            select={false}
            style={
              Object {
                "margin": 10,
              }
            }
            value=""
          />
          <WithStyles(Button)
            onClick={[Function]}
            style={
              Object {
                "margin": 30,
              }
            }
            variant="raised"
          >
            Skicka vänförfrågan
          </WithStyles(Button)>
        </div>,
      ],
      "className": "FriendRequests",
    },
    "ref": null,
    "rendered": Array [
      Object {
        "instance": null,
        "key": undefined,
        "nodeType": "class",
        "props": Object {
          "align": "left",
          "children": "Vänförfrågningar",
          "color": "default",
          "style": Object {
            "margin": 20,
          },
          "variant": "headline",
        },
        "ref": null,
        "rendered": "Vänförfrågningar",
        "type": [Function],
      },
      Object {
        "instance": null,
        "key": undefined,
        "nodeType": "host",
        "props": Object {
          "children": <WithStyles(Typography)>
            Inga nya vänförfrågningar
          </WithStyles(Typography)>,
          "className": "FriendRequests-Inner",
        },
        "ref": null,
        "rendered": Object {
          "instance": null,
          "key": undefined,
          "nodeType": "class",
          "props": Object {
            "children": "Inga nya vänförfrågningar",
          },
          "ref": null,
          "rendered": "Inga nya vänförfrågningar",
          "type": [Function],
        },
        "type": "div",
      },
      Object {
        "instance": null,
        "key": undefined,
        "nodeType": "class",
        "props": Object {},
        "ref": null,
        "rendered": null,
        "type": [Function],
      },
      Object {
        "instance": null,
        "key": undefined,
        "nodeType": "host",
        "props": Object {
          "children": Array [
            <TextField
              id="userName"
              label="Lägg till ny vän:"
              margin="normal"
              onChange={[Function]}
              required={false}
              select={false}
              style={
                Object {
                  "margin": 10,
                }
              }
              value=""
            />,
            <WithStyles(Button)
              onClick={[Function]}
              style={
                Object {
                  "margin": 30,
                }
              }
              variant="raised"
            >
              Skicka vänförfrågan
            </WithStyles(Button)>,
          ],
          "className": "FriendRequests-Inner",
        },
        "ref": null,
        "rendered": Array [
          Object {
            "instance": null,
            "key": undefined,
            "nodeType": "function",
            "props": Object {
              "id": "userName",
              "label": "Lägg till ny vän:",
              "margin": "normal",
              "onChange": [Function],
              "required": false,
              "select": false,
              "style": Object {
                "margin": 10,
              },
              "value": "",
            },
            "ref": null,
            "rendered": null,
            "type": [Function],
          },
          Object {
            "instance": null,
            "key": undefined,
            "nodeType": "class",
            "props": Object {
              "children": "Skicka vänförfrågan",
              "onClick": [Function],
              "style": Object {
                "margin": 30,
              },
              "variant": "raised",
            },
            "ref": null,
            "rendered": "Skicka vänförfrågan",
            "type": [Function],
          },
        ],
        "type": "div",
      },
    ],
    "type": "div",
  },
  Symbol(enzyme.__nodes__): Array [
    Object {
      "instance": null,
      "key": undefined,
      "nodeType": "host",
      "props": Object {
        "children": Array [
          <WithStyles(Typography)
            align="left"
            color="default"
            style={
              Object {
                "margin": 20,
              }
            }
            variant="headline"
          >
            Vänförfrågningar
          </WithStyles(Typography)>,
          <div
            className="FriendRequests-Inner"
          >
            <WithStyles(Typography)>
              Inga nya vänförfrågningar
            </WithStyles(Typography)>
          </div>,
          <WithStyles(Divider) />,
          <div
            className="FriendRequests-Inner"
          >
            <TextField
              id="userName"
              label="Lägg till ny vän:"
              margin="normal"
              onChange={[Function]}
              required={false}
              select={false}
              style={
                Object {
                  "margin": 10,
                }
              }
              value=""
            />
            <WithStyles(Button)
              onClick={[Function]}
              style={
                Object {
                  "margin": 30,
                }
              }
              variant="raised"
            >
              Skicka vänförfrågan
            </WithStyles(Button)>
          </div>,
        ],
        "className": "FriendRequests",
      },
      "ref": null,
      "rendered": Array [
        Object {
          "instance": null,
          "key": undefined,
          "nodeType": "class",
          "props": Object {
            "align": "left",
            "children": "Vänförfrågningar",
            "color": "default",
            "style": Object {
              "margin": 20,
            },
            "variant": "headline",
          },
          "ref": null,
          "rendered": "Vänförfrågningar",
          "type": [Function],
        },
        Object {
          "instance": null,
          "key": undefined,
          "nodeType": "host",
          "props": Object {
            "children": <WithStyles(Typography)>
              Inga nya vänförfrågningar
            </WithStyles(Typography)>,
            "className": "FriendRequests-Inner",
          },
          "ref": null,
          "rendered": Object {
            "instance": null,
            "key": undefined,
            "nodeType": "class",
            "props": Object {
              "children": "Inga nya vänförfrågningar",
            },
            "ref": null,
            "rendered": "Inga nya vänförfrågningar",
            "type": [Function],
          },
          "type": "div",
        },
        Object {
          "instance": null,
          "key": undefined,
          "nodeType": "class",
          "props": Object {},
          "ref": null,
          "rendered": null,
          "type": [Function],
        },
        Object {
          "instance": null,
          "key": undefined,
          "nodeType": "host",
          "props": Object {
            "children": Array [
              <TextField
                id="userName"
                label="Lägg till ny vän:"
                margin="normal"
                onChange={[Function]}
                required={false}
                select={false}
                style={
                  Object {
                    "margin": 10,
                  }
                }
                value=""
              />,
              <WithStyles(Button)
                onClick={[Function]}
                style={
                  Object {
                    "margin": 30,
                  }
                }
                variant="raised"
              >
                Skicka vänförfrågan
              </WithStyles(Button)>,
            ],
            "className": "FriendRequests-Inner",
          },
          "ref": null,
          "rendered": Array [
            Object {
              "instance": null,
              "key": undefined,
              "nodeType": "function",
              "props": Object {
                "id": "userName",
                "label": "Lägg till ny vän:",
                "margin": "normal",
                "onChange": [Function],
                "required": false,
                "select": false,
                "style": Object {
                  "margin": 10,
                },
                "value": "",
              },
              "ref": null,
              "rendered": null,
              "type": [Function],
            },
            Object {
              "instance": null,
              "key": undefined,
              "nodeType": "class",
              "props": Object {
                "children": "Skicka vänförfrågan",
                "onClick": [Function],
                "style": Object {
                  "margin": 30,
                },
                "variant": "raised",
              },
              "ref": null,
              "rendered": "Skicka vänförfrågan",
              "type": [Function],
            },
          ],
          "type": "div",
        },
      ],
      "type": "div",
    },
  ],
  Symbol(enzyme.__options__): Object {
    "adapter": ReactSixteenAdapter {
      "options": Object {
        "enableComponentDidUpdateOnSetState": true,
      },
    },
  },
}
`;
